// Jest Snapshot v1, https://goo.gl/fbAQLP

exports[`Test the component ui-DeleteEventFab should render correct 1`] = `
<button
  className="btn btn-danger fab-danger"
  onClick={[Function]}
>
  <i
    className="fas fa-trash "
  />
  <span>
     Borrar
  </span>
</button>
`;
